2025-04-04 05:44:42.055879 - Received CBT.V508.FILE188.PDS from FILE188.XMI 
2025-04-04 05:44:42.057449 - Found $$$#DATE.txt (text/plain) in CBT.V508.FILE188.PDS, moved to PDS/$$$#DATE
2025-04-04 05:44:42.057590 - Found $$$DOC.txt (text/plain) in CBT.V508.FILE188.PDS, moved to PDS/$$$DOC
2025-04-04 05:44:42.057766 - Found $$$TALK.txt (text/plain) in CBT.V508.FILE188.PDS, moved to PDS/$$$TALK
2025-04-04 05:44:42.057890 - Found @FILE188.txt (text/plain) in CBT.V508.FILE188.PDS, moved to PDS/@FILE188
2025-04-04 05:44:42.058010 - Found ASMJCL.jcl (text/plain) in CBT.V508.FILE188.PDS, moved to PDS/ASMJCL
2025-04-04 05:44:42.058153 - Found CBTSYM1.jcl (text/plain) in CBT.V508.FILE188.PDS, moved to PDS/CBTSYM1
2025-04-04 05:44:42.058339 - Found CBTSYM2.jcl (text/plain) in CBT.V508.FILE188.PDS, moved to PDS/CBTSYM2
2025-04-04 05:44:42.058453 - Found CBTSYM3.jcl (text/plain) in CBT.V508.FILE188.PDS, moved to PDS/CBTSYM3
2025-04-04 05:44:42.058621 - Found CBTSYM4.jcl (text/plain) in CBT.V508.FILE188.PDS, moved to PDS/CBTSYM4
2025-04-04 05:44:42.058792 - Found CBTSYM5.jcl (text/plain) in CBT.V508.FILE188.PDS, moved to PDS/CBTSYM5
2025-04-04 05:44:42.058916 - Found CBTSYM6.jcl (text/plain) in CBT.V508.FILE188.PDS, moved to PDS/CBTSYM6
2025-04-04 05:44:42.059025 - Found CBTUNLD.jcl (text/plain) in CBT.V508.FILE188.PDS, moved to PDS/CBTUNLD
2025-04-04 05:44:42.059140 - Found CBT973.txt (text/plain) in CBT.V508.FILE188.PDS, moved to PDS/CBT973
2025-04-04 05:44:42.059277 - Found CHUCKDOC.txt (text/plain) in CBT.V508.FILE188.PDS, moved to PDS/CHUCKDOC
2025-04-04 05:44:42.059440 - Found CHUCK1.txt (text/plain) in CBT.V508.FILE188.PDS, moved to PDS/CHUCK1
2025-04-04 05:44:42.059554 - Found CHUCK2.txt (text/plain) in CBT.V508.FILE188.PDS, moved to PDS/CHUCK2
2025-04-04 05:44:42.059669 - Found CHUCK3.txt (text/plain) in CBT.V508.FILE188.PDS, moved to PDS/CHUCK3
2025-04-04 05:44:42.059792 - Found COPYFI$$.jcl (text/plain) in CBT.V508.FILE188.PDS, moved to PDS/COPYFI$$
2025-04-04 05:44:42.059907 - Found COPYFIL$.txt (text/plain) in CBT.V508.FILE188.PDS, moved to PDS/COPYFIL$
2025-04-04 05:44:42.060039 - Found COPYFIL#.txt (text/plain) in CBT.V508.FILE188.PDS, moved to PDS/COPYFIL#
2025-04-04 05:44:42.060229 - Found COPYFILE.txt (text/plain) in CBT.V508.FILE188.PDS, moved to PDS/COPYFILE
2025-04-04 05:44:42.060382 - Found COPYMOD$.jcl (text/plain) in CBT.V508.FILE188.PDS, moved to PDS/COPYMOD$
2025-04-04 05:44:42.060525 - Found COPYMODS.txt (text/plain) in CBT.V508.FILE188.PDS, moved to PDS/COPYMODS
2025-04-04 05:44:42.060661 - Found DSCOPY.txt (text/plain) in CBT.V508.FILE188.PDS, moved to PDS/DSCOPY
2025-04-04 05:44:42.060786 - Found IGG019WD.txt (text/plain) in CBT.V508.FILE188.PDS, moved to PDS/IGG019WD
2025-04-04 05:44:42.060907 - Found IGG019WE.txt (text/plain) in CBT.V508.FILE188.PDS, moved to PDS/IGG019WE
2025-04-04 05:44:42.061019 - Found MAPTEST.txt (text/plain) in CBT.V508.FILE188.PDS, moved to PDS/MAPTEST
2025-04-04 05:44:42.061127 - Found MSGWRITE.txt (text/plain) in CBT.V508.FILE188.PDS, moved to PDS/MSGWRITE
2025-04-04 05:44:42.061255 - Found PDSLOAD.txt (text/plain) in CBT.V508.FILE188.PDS, moved to PDS/PDSLOAD
2025-04-04 05:44:42.061366 - Found PDSLOAD$.jcl (text/plain) in CBT.V508.FILE188.PDS, moved to PDS/PDSLOAD$
2025-04-04 05:44:42.061496 - Found REVIEW.txt (text/plain) in CBT.V508.FILE188.PDS, moved to PDS/REVIEW
2025-04-04 05:44:42.061617 - Found TAPEL.txt (text/plain) in CBT.V508.FILE188.PDS, moved to PDS/TAPEL
2025-04-04 05:44:42.061731 - Found TAPEL$.txt (text/plain) in CBT.V508.FILE188.PDS, moved to PDS/TAPEL$
2025-04-04 05:44:42.061841 - Found TAPEMAP.txt (text/plain) in CBT.V508.FILE188.PDS, moved to PDS/TAPEMAP
2025-04-04 05:44:42.061949 - Found TAPEMAPS.jcl (text/plain) in CBT.V508.FILE188.PDS, moved to PDS/TAPEMAPS
2025-04-04 05:44:42.062060 - Found TLPRINT.txt (text/plain) in CBT.V508.FILE188.PDS, moved to PDS/TLPRINT
2025-04-04 05:44:42.062167 - Found TLPRINT$.txt (text/plain) in CBT.V508.FILE188.PDS, moved to PDS/TLPRINT$
2025-04-04 05:44:42.062286 - Found VKILLER.txt (text/plain) in CBT.V508.FILE188.PDS, moved to PDS/VKILLER
